// Jest Snapshot v1, https://goo.gl/fbAQLP

exports[`Banner component renders correctly 1`] = `"<!--function (a, b, c, d) { return createElement(vm, a, b, c, d, true); }-->"`;
